// Jest Snapshot v1, https://goo.gl/fbAQLP

exports[`ImageButton component it should render the expected HTML 1`] = `"<button class=\\"image-button\\" type=\\"button\\" title=\\"title image button\\"><svg class=\\"sidemenu__button__icon\\" width=\\"24\\" height=\\"24\\" viewBox=\\"0 0 24 24\\"><path d=\\"M18.222 6H5.778C4.8 6 4 6.6 4 7.333v9.334C4 17.4 4.8 18 5.778 18h12.444C19.2 18 20 17.4 20 16.667V7.333C20 6.6 19.2 6 18.222 6zm-4.084 4l-3 4.51L9 11.503 6 16h12l-3.862-6z\\" fill=\\"currentColor\\" fill-rule=\\"evenodd\\"></path></svg></button>"`;
